package center

import (
	"context"
	"testing"
	"time"

	tea "charm.land/bubbletea/v2"

	"github.com/andyrewlee/amux/internal/vterm"
)

func TestIsTabActorReady_FalseWhenHeartbeatStale(t *testing.T) {
	m := newTestModel()
	m.setTabActorReady()
	m.lastTabActorHeartbeat = time.Now().Add(-(tabActorStallTimeout + time.Second))

	if m.isTabActorReady() {
		t.Fatal("expected stale actor heartbeat to clear readiness")
	}
	if m.tabActorReady {
		t.Fatal("expected stale readiness flag to be cleared")
	}
}

func TestUpdatePTYFlush_StaleActorHeartbeatForcesParserResetFallback(t *testing.T) {
	m := newTestModel()
	m.setTabActorReady()
	m.lastTabActorHeartbeat = time.Now().Add(-(tabActorStallTimeout + time.Second))

	ws := newTestWorkspace("ws", "/repo/ws")
	wsID := string(ws.ID())
	tab := &Tab{
		ID:                 TabID("tab-1"),
		Assistant:          "codex",
		Workspace:          ws,
		Terminal:           vterm.New(80, 24),
		Running:            true,
		pendingOutput:      []byte("visible"),
		lastOutputAt:       time.Now().Add(-time.Second),
		flushPendingSince:  time.Now().Add(-time.Second),
		parserResetPending: true,
		actorWritesPending: 1,
	}
	m.tabsByWorkspace[wsID] = []*Tab{tab}
	m.activeTabByWorkspace[wsID] = 0
	m.workspace = ws

	_ = m.updatePTYFlush(PTYFlush{WorkspaceID: wsID, TabID: tab.ID})

	if tab.parserResetPending {
		t.Fatal("expected stale actor flush to clear parserResetPending")
	}
	if tab.actorWritesPending != 0 {
		t.Fatalf("expected stale actor flush to clear actorWritesPending, got %d", tab.actorWritesPending)
	}
	if len(tab.pendingOutput) == 0 {
		t.Fatal("expected pending output to remain queued for the follow-up flush")
	}
	if !tab.flushScheduled {
		t.Fatal("expected follow-up flush to be scheduled after stale actor fallback")
	}
}

func TestRunTabActor_SetsReadyAndEmitsReadySignal(t *testing.T) {
	m := newTestModel()
	m.tabEvents = make(chan tabEvent, 1)
	sinkMsgs := make(chan tea.Msg, 4)
	m.msgSink = func(msg tea.Msg) {
		sinkMsgs <- msg
	}

	ctx, cancel := context.WithCancel(context.Background())
	defer cancel()

	done := make(chan error, 1)
	go func() {
		done <- m.RunTabActor(ctx)
	}()

	deadline := time.Now().Add(time.Second)
	for !m.isTabActorReady() {
		if time.Now().After(deadline) {
			t.Fatal("expected actor startup to set readiness directly")
		}
		time.Sleep(10 * time.Millisecond)
	}

	// Actor startup sends a ready signal via msgSink.
	select {
	case msg := <-sinkMsgs:
		if _, ok := msg.(tabActorReadySignal); !ok {
			t.Fatalf("expected tabActorReadySignal on startup, got %T", msg)
		}
	case <-time.After(100 * time.Millisecond):
		t.Fatal("expected tabActorReadySignal on startup")
	}

	cancel()
	select {
	case err := <-done:
		if err != nil {
			t.Fatalf("RunTabActor() error = %v", err)
		}
	case <-time.After(time.Second):
		t.Fatal("timed out waiting for actor to stop")
	}
}

func TestNoteTabActorHeartbeat_RefreshesReadiness(t *testing.T) {
	m := newTestModel()
	before := time.Now()

	m.noteTabActorHeartbeat()

	if !m.isTabActorReady() {
		t.Fatal("expected direct heartbeat to refresh actor readiness")
	}
	if !m.tabActorReady {
		t.Fatal("expected ready flag to be set")
	}
	if m.lastTabActorHeartbeat.Before(before) {
		t.Fatalf("expected heartbeat timestamp to be refreshed, got %v before %v", m.lastTabActorHeartbeat, before)
	}
}

func TestSetTabActorReady_SeedsHeartbeatBeforeReadiness(t *testing.T) {
	m := newTestModel()

	m.setTabActorReady()

	if !m.tabActorReady {
		t.Fatal("expected ready flag to be set")
	}
	if m.lastTabActorHeartbeat.IsZero() {
		t.Fatal("expected setTabActorReady to seed heartbeat timestamp")
	}
	if !m.isTabActorReady() {
		t.Fatal("expected actor to be ready immediately after setTabActorReady")
	}
}

func TestRunTabActor_EmitsRedrawForActorHandledUIEvent(t *testing.T) {
	m := newTestModel()
	m.tabEvents = make(chan tabEvent, 1)
	sinkMsgs := make(chan tea.Msg, 4)
	m.msgSink = func(msg tea.Msg) {
		sinkMsgs <- msg
	}

	ctx, cancel := context.WithCancel(context.Background())
	defer cancel()

	done := make(chan error, 1)
	go func() {
		done <- m.RunTabActor(ctx)
	}()

	deadline := time.Now().Add(time.Second)
	for !m.isTabActorReady() {
		if time.Now().After(deadline) {
			t.Fatal("expected actor startup to set readiness directly")
		}
		time.Sleep(10 * time.Millisecond)
	}

	// Drain the startup ready signal.
	select {
	case <-sinkMsgs:
	case <-time.After(50 * time.Millisecond):
	}

	tab := &Tab{Terminal: vterm.New(80, 24)}
	m.tabEvents <- tabEvent{kind: tabEventSelectionStart, tab: tab}

	// The actor processes events as: heartbeat → handle → redraw.
	// Drain the heartbeat first.
	select {
	case msg := <-sinkMsgs:
		if _, ok := msg.(tabActorHeartbeat); !ok {
			t.Fatalf("expected heartbeat message first, got %T", msg)
		}
	case <-time.After(100 * time.Millisecond):
		t.Fatal("expected heartbeat message from event processing")
	}

	select {
	case msg := <-sinkMsgs:
		if _, ok := msg.(tabActorRedraw); !ok {
			t.Fatalf("expected redraw message, got %T", msg)
		}
	case <-time.After(100 * time.Millisecond):
		t.Fatal("expected actor-handled UI event to emit redraw message")
	}

	// No extra messages beyond redraw should arrive immediately.
	select {
	case msg := <-sinkMsgs:
		// Heartbeat from event processing is acceptable.
		if _, ok := msg.(tabActorHeartbeat); !ok {
			t.Fatalf("unexpected extra actor message %T", msg)
		}
	case <-time.After(50 * time.Millisecond):
	}

	cancel()
	select {
	case err := <-done:
		if err != nil {
			t.Fatalf("RunTabActor() error = %v", err)
		}
	case <-time.After(time.Second):
		t.Fatal("timed out waiting for actor to stop")
	}
}

func TestRequestTabActorRedraw_SendsViaMsgSink(t *testing.T) {
	m := newTestModel()
	sinkMsgs := make(chan tea.Msg, 4)
	m.msgSink = func(msg tea.Msg) {
		sinkMsgs <- msg
	}

	m.requestTabActorRedraw()
	m.requestTabActorRedraw()

	// Both calls produce messages (no coalescence via atomic CAS in TEA model).
	for i := 0; i < 2; i++ {
		select {
		case msg := <-sinkMsgs:
			if _, ok := msg.(tabActorRedraw); !ok {
				t.Fatalf("expected redraw message %d, got %T", i+1, msg)
			}
		case <-time.After(100 * time.Millisecond):
			t.Fatalf("expected redraw message %d", i+1)
		}
	}

	// Verify clearTabActorRedrawPending works.
	_, _ = m.Update(tabActorRedraw{})
	if m.tabActorRedrawPending {
		t.Fatal("expected clearTabActorRedrawPending to clear pending flag")
	}

	m.requestTabActorRedraw()
	select {
	case msg := <-sinkMsgs:
		if _, ok := msg.(tabActorRedraw); !ok {
			t.Fatalf("expected redraw message after clear, got %T", msg)
		}
	case <-time.After(100 * time.Millisecond):
		t.Fatal("expected redraw message after clearing pending flag")
	}
}

func TestRequestTabActorRedraw_MsgSinkFallbackSendsBoth(t *testing.T) {
	m := newTestModel()
	sinkMsgs := make(chan tea.Msg, 4)
	m.msgSink = func(msg tea.Msg) {
		sinkMsgs <- msg
	}

	m.requestTabActorRedraw()
	m.requestTabActorRedraw()

	if m.tabActorRedrawPending {
		t.Fatal("expected msgSink-only redraw path not to latch pending flag")
	}

	for i := 0; i < 2; i++ {
		select {
		case msg := <-sinkMsgs:
			if _, ok := msg.(tabActorRedraw); !ok {
				t.Fatalf("expected redraw message, got %T", msg)
			}
		case <-time.After(100 * time.Millisecond):
			t.Fatalf("expected redraw message %d from msgSink-only fallback", i+1)
		}
	}
}

func TestRequestTabActorRedraw_DropDoesNotLatchPending(t *testing.T) {
	m := newTestModel()
	attempts := 0
	sinkMsgs := make(chan tea.Msg, 2)
	m.msgSinkTry = func(msg tea.Msg) bool {
		attempts++
		if attempts == 1 {
			return false
		}
		sinkMsgs <- msg
		return true
	}
	m.msgSink = func(msg tea.Msg) {
		_ = m.msgSinkTry(msg)
	}

	m.requestTabActorRedraw()
	if m.tabActorRedrawPending {
		t.Fatal("expected dropped redraw not to latch pending flag")
	}

	m.requestTabActorRedraw()
	select {
	case msg := <-sinkMsgs:
		if _, ok := msg.(tabActorRedraw); !ok {
			t.Fatalf("expected redraw message after retry, got %T", msg)
		}
	case <-time.After(100 * time.Millisecond):
		t.Fatal("expected redraw retry after dropped enqueue")
	}
}

func TestRunTabActor_EventProcessingRefreshesHeartbeat(t *testing.T) {
	m := newTestModel()
	m.tabEvents = make(chan tabEvent, 1)
	sinkMsgs := make(chan tea.Msg, 4)
	m.msgSink = func(msg tea.Msg) {
		sinkMsgs <- msg
	}

	ctx, cancel := context.WithCancel(context.Background())
	defer cancel()

	done := make(chan error, 1)
	go func() {
		done <- m.RunTabActor(ctx)
	}()

	deadline := time.Now().Add(time.Second)
	for !m.isTabActorReady() {
		if time.Now().After(deadline) {
			t.Fatal("expected actor startup to set readiness directly")
		}
		time.Sleep(10 * time.Millisecond)
	}

	// Drain the startup ready signal.
	select {
	case <-sinkMsgs:
	case <-time.After(50 * time.Millisecond):
	}

	stale := time.Now().Add(-(tabActorStallTimeout + time.Second))
	m.lastTabActorHeartbeat = stale
	if m.isTabActorReady() {
		t.Fatal("expected stale heartbeat to clear readiness before event processing")
	}

	m.tabEvents <- tabEvent{kind: tabEventSelectionClear, tab: &Tab{}}

	// Drain the heartbeat + redraw messages from event processing.
	drainDeadline := time.Now().Add(500 * time.Millisecond)
	gotHeartbeat := false
	for time.Now().Before(drainDeadline) {
		select {
		case msg := <-sinkMsgs:
			switch msg.(type) {
			case tabActorHeartbeat:
				gotHeartbeat = true
			case tabActorRedraw:
			default:
			}
		default:
			time.Sleep(5 * time.Millisecond)
		}
	}

	if !gotHeartbeat {
		t.Fatal("expected heartbeat message from event processing")
	}
	if !m.isTabActorReady() {
		t.Fatal("expected processed event to refresh actor heartbeat")
	}
	if !m.lastTabActorHeartbeat.After(stale) {
		t.Fatalf("expected processed event to advance heartbeat, got %v <= %v", m.lastTabActorHeartbeat, stale)
	}

	cancel()
	select {
	case err := <-done:
		if err != nil {
			t.Fatalf("RunTabActor() error = %v", err)
		}
	case <-time.After(time.Second):
		t.Fatal("timed out waiting for actor to stop")
	}
}
